// Jest Snapshot v1, https://goo.gl/fbAQLP

exports[`Root Root renders correctly 1`] = `
<div
  className="main_container"
>
  <footer
    className="footer"
  >
    <span
      className="footer_films"
    >
      Frontend Task
    </span>
    <span
      className="footer_copyright"
    >
      Copyright Â©
      2019
    </span>
  </footer>
</div>
`;
