// Jest Snapshot v1, https://goo.gl/fbAQLP

exports[`Footer renders correctly 1`] = `
<footer
  className="footer"
>
  <span
    className="footer_films"
  >
    Frontend Task
  </span>
  <span
    className="footer_copyright"
  >
    Copyright Â©
    2019
  </span>
</footer>
`;
